Traceback (most recent call last):
  File "/home/codespace/.local/lib/python3.12/site-packages/jupyter_core/utils/__init__.py", line 154, in wrapped
    asyncio.get_running_loop()
RuntimeError: no running event loop

During handling of the above exception, another exception occurred:

Traceback (most recent call last):
  File "/usr/local/python/3.12.1/lib/python3.12/site-packages/jupyter_cache/executors/utils.py", line 58, in single_nb_execution
    executenb(
  File "/home/codespace/.local/lib/python3.12/site-packages/nbclient/client.py", line 1319, in execute
    return NotebookClient(nb=nb, resources=resources, km=km, **kwargs).execute()
           ^^^^^^^^^^^^^^^^^^^^^^^^^^^^^^^^^^^^^^^^^^^^^^^^^^^^^^^^^^^^^^^^^^^^^
  File "/home/codespace/.local/lib/python3.12/site-packages/jupyter_core/utils/__init__.py", line 158, in wrapped
    return loop.run_until_complete(inner)
           ^^^^^^^^^^^^^^^^^^^^^^^^^^^^^^
  File "/usr/local/python/3.12.1/lib/python3.12/asyncio/base_events.py", line 684, in run_until_complete
    return future.result()
           ^^^^^^^^^^^^^^^
  File "/home/codespace/.local/lib/python3.12/site-packages/nbclient/client.py", line 709, in async_execute
    await self.async_execute_cell(
  File "/home/codespace/.local/lib/python3.12/site-packages/nbclient/client.py", line 1062, in async_execute_cell
    await self._check_raise_for_error(cell, cell_index, exec_reply)
  File "/home/codespace/.local/lib/python3.12/site-packages/nbclient/client.py", line 918, in _check_raise_for_error
    raise CellExecutionError.from_cell_and_msg(cell, exec_reply_content)
nbclient.exceptions.CellExecutionError: An error occurred while executing the following cell:
------------------
!pip install pandas
!pip install nltk
!pip install Sastrawi
!pip install Sastrawi
nltk.download('punkt_tab')
------------------

----- stdout -----
Requirement already satisfied: pandas in /home/codespace/.local/lib/python3.12/site-packages (2.3.1)
Requirement already satisfied: numpy>=1.26.0 in /home/codespace/.local/lib/python3.12/site-packages (from pandas) (2.3.1)
Requirement already satisfied: python-dateutil>=2.8.2 in /home/codespace/.local/lib/python3.12/site-packages (from pandas) (2.9.0.post0)
Requirement already satisfied: pytz>=2020.1 in /home/codespace/.local/lib/python3.12/site-packages (from pandas) (2025.2)
Requirement already satisfied: tzdata>=2022.7 in /home/codespace/.local/lib/python3.12/site-packages (from pandas) (2025.2)
Requirement already satisfied: six>=1.5 in /home/codespace/.local/lib/python3.12/site-packages (from python-dateutil>=2.8.2->pandas) (1.17.0)
----- stdout -----

[1m[[0m[34;49mnotice[0m[1;39;49m][0m[39;49m A new release of pip is available: [0m[31;49m25.1.1[0m[39;49m -> [0m[32;49m25.2[0m
[1m[[0m[34;49mnotice[0m[1;39;49m][0m[39;49m To update, run: [0m[32;49mpython3 -m pip install --upgrade pip[0m
----- stdout -----
Collecting nltk
----- stdout -----
  Downloading nltk-3.9.1-py3-none-any.whl.metadata (2.9 kB)
Requirement already satisfied: click in /usr/local/python/3.12.1/lib/python3.12/site-packages (from nltk) (8.2.1)
Requirement already satisfied: joblib in /home/codespace/.local/lib/python3.12/site-packages (from nltk) (1.5.1)
----- stdout -----
Collecting regex>=2021.8.3 (from nltk)
  Downloading regex-2025.9.1-cp312-cp312-manylinux2014_x86_64.manylinux_2_17_x86_64.manylinux_2_28_x86_64.whl.metadata (40 kB)
----- stdout -----
Collecting tqdm (from nltk)
  Downloading tqdm-4.67.1-py3-none-any.whl.metadata (57 kB)
----- stdout -----
Downloading nltk-3.9.1-py3-none-any.whl (1.5 MB)
[?25l   [38;5;237m━━━━━━━━━━━━━━━━━━━━━━━━━━━━━━━━━━━━━━━━[0m [32m0.0/1.5 MB[0m [31m?[0m eta [36m-:--:--[0m[2K   [38;2;114;156;31m━━━━━━━━━━━━━━━━━━━━━━━━━━━━━━━━━━━━━━━━[0m [32m1.5/1.5 MB[0m [31m34.4 MB/s[0m eta [36m0:00:00[0m
[?25h
----- stdout -----
Downloading regex-2025.9.1-cp312-cp312-manylinux2014_x86_64.manylinux_2_17_x86_64.manylinux_2_28_x86_64.whl (801 kB)
[?25l   [38;5;237m━━━━━━━━━━━━━━━━━━━━━━━━━━━━━━━━━━━━━━━━[0m [32m0.0/802.0 kB[0m [31m?[0m eta [36m-:--:--[0m[2K   [38;2;114;156;31m━━━━━━━━━━━━━━━━━━━━━━━━━━━━━━━━━━━━━━━━[0m [32m802.0/802.0 kB[0m [31m35.7 MB/s[0m eta [36m0:00:00[0m
[?25hDownloading tqdm-4.67.1-py3-none-any.whl (78 kB)
----- stdout -----
Installing collected packages: tqdm, regex, nltk
[?25l
----- stdout -----
[2K   [38;2;249;38;114m━━━━━━━━━━━━━[0m[38;5;237m╺[0m[38;5;237m━━━━━━━━━━━━━━━━━━━━━━━━━━[0m [32m1/3[0m [regex]
----- stdout -----
[2K   [38;2;249;38;114m━━━━━━━━━━━━━━━━━━━━━━━━━━[0m[38;2;249;38;114m╸[0m[38;5;237m━━━━━━━━━━━━━[0m [32m2/3[0m [nltk]
----- stdout -----
[2K   [38;2;249;38;114m━━━━━━━━━━━━━━━━━━━━━━━━━━[0m[38;2;249;38;114m╸[0m[38;5;237m━━━━━━━━━━━━━[0m [32m2/3[0m [nltk]
----- stdout -----
[2K   [38;2;249;38;114m━━━━━━━━━━━━━━━━━━━━━━━━━━[0m[38;2;249;38;114m╸[0m[38;5;237m━━━━━━━━━━━━━[0m [32m2/3[0m [nltk]
----- stdout -----
[2K   [38;2;249;38;114m━━━━━━━━━━━━━━━━━━━━━━━━━━[0m[38;2;249;38;114m╸[0m[38;5;237m━━━━━━━━━━━━━[0m [32m2/3[0m [nltk]
----- stdout -----
[2K   [38;2;249;38;114m━━━━━━━━━━━━━━━━━━━━━━━━━━[0m[38;2;249;38;114m╸[0m[38;5;237m━━━━━━━━━━━━━[0m [32m2/3[0m [nltk]
----- stdout -----
[2K   [38;2;114;156;31m━━━━━━━━━━━━━━━━━━━━━━━━━━━━━━━━━━━━━━━━[0m [32m3/3[0m [nltk]
[?25h[1A[2KSuccessfully installed nltk-3.9.1 regex-2025.9.1 tqdm-4.67.1
----- stdout -----

[1m[[0m[34;49mnotice[0m[1;39;49m][0m[39;49m A new release of pip is available: [0m[31;49m25.1.1[0m[39;49m -> [0m[32;49m25.2[0m
[1m[[0m[34;49mnotice[0m[1;39;49m][0m[39;49m To update, run: [0m[32;49mpython3 -m pip install --upgrade pip[0m
----- stdout -----
Collecting Sastrawi
----- stdout -----
  Downloading Sastrawi-1.0.1-py2.py3-none-any.whl.metadata (909 bytes)
Downloading Sastrawi-1.0.1-py2.py3-none-any.whl (209 kB)
----- stdout -----
Installing collected packages: Sastrawi
----- stdout -----
Successfully installed Sastrawi-1.0.1
----- stdout -----

[1m[[0m[34;49mnotice[0m[1;39;49m][0m[39;49m A new release of pip is available: [0m[31;49m25.1.1[0m[39;49m -> [0m[32;49m25.2[0m
[1m[[0m[34;49mnotice[0m[1;39;49m][0m[39;49m To update, run: [0m[32;49mpython3 -m pip install --upgrade pip[0m
----- stdout -----
Requirement already satisfied: Sastrawi in /usr/local/python/3.12.1/lib/python3.12/site-packages (1.0.1)
----- stdout -----

[1m[[0m[34;49mnotice[0m[1;39;49m][0m[39;49m A new release of pip is available: [0m[31;49m25.1.1[0m[39;49m -> [0m[32;49m25.2[0m
[1m[[0m[34;49mnotice[0m[1;39;49m][0m[39;49m To update, run: [0m[32;49mpython3 -m pip install --upgrade pip[0m
------------------

[31m---------------------------------------------------------------------------[39m
[31mNameError[39m                                 Traceback (most recent call last)
[36mCell[39m[36m [39m[32mIn[2][39m[32m, line 5[39m
[32m      3[39m get_ipython().system([33m'[39m[33mpip install Sastrawi[39m[33m'[39m)
[32m      4[39m get_ipython().system([33m'[39m[33mpip install Sastrawi[39m[33m'[39m)
[32m----> [39m[32m5[39m [43mnltk[49m.download([33m'[39m[33mpunkt_tab[39m[33m'[39m)

[31mNameError[39m: name 'nltk' is not defined

